[0m00:34:20.195447 [debug] [MainThread]: Sending event: {'category': 'dbt', 'action': 'invocation', 'label': 'start', 'context': [<snowplow_tracker.self_describing_json.SelfDescribingJson object at 0x7d691fb25a90>, <snowplow_tracker.self_describing_json.SelfDescribingJson object at 0x7d6921a33750>, <snowplow_tracker.self_describing_json.SelfDescribingJson object at 0x7d691e363c50>]}


============================== 00:34:20.199432 | e634ec64-b9ae-4a2c-bc90-8d8dbf9fcdd1 ==============================
[0m00:34:20.199432 [info ] [MainThread]: Running with dbt=1.12.4
[0m00:34:20.200146 [debug] [MainThread]: running dbt with arguments {'static_parser': 'True', 'quiet': 'False', 'log_cache_events': 'False', 'warn_error_options': 'WarnErrorOptionsV2(error=[], warn=[], silence=[])', 'printer_width': '80', 'maximum_seed_size_mib': '1', 'version_check': 'True', 'fail_fast': 'False', 'partial_parse': 'True', 'hints_enabled': 'True', 'target_path': 'None', 'cache_selected_only': 'False', 'write_json': 'True', 'log_path': 'logs', 'warn_error': 'None', 'no_print': 'None', 'invocation_command': 'dbt init alohas_analytics', 'send_anonymous_usage_stats': 'True', 'indirect_selection': 'eager', 'introspect': 'True', 'debug': 'False', 'profiles_dir': '/home/codespace/.dbt', 'log_format': 'default', 'use_experimental_parser': 'False', 'use_colors': 'True', 'empty': 'None'}
[0m00:34:20.215872 [info ] [MainThread]: Creating dbt configuration folder at /home/codespace/.dbt
[0m00:34:20.217317 [debug] [MainThread]: Starter project path: /usr/local/python/3.14.2/lib/python3.14/site-packages/dbt/include/starter_project
[0m00:34:20.225426 [info ] [MainThread]: Setting up your profile.
[0m00:36:56.063860 [info ] [MainThread]: Profile alohas_analytics written to /home/codespace/.dbt/profiles.yml using target's profile_template.yml and your supplied values.
[0m00:36:56.066818 [info ] [MainThread]: Running dbt debug to validate the project...
[0m00:36:56.067538 [info ] [MainThread]: dbt version: 1.12.4
[0m00:36:56.068034 [info ] [MainThread]: python version: 3.14.2
[0m00:36:56.068377 [info ] [MainThread]: python path: /usr/local/python/3.14.2/bin/python3
[0m00:36:56.069860 [info ] [MainThread]: os info: Linux-6.8.0-1064-azure-x86_64-with-glibc2.39
[0m00:36:56.133436 [info ] [MainThread]: Using profiles dir at /home/codespace/.dbt
[0m00:36:56.134024 [info ] [MainThread]: Using profiles.yml file at /home/codespace/.dbt/profiles.yml
[0m00:36:56.134472 [info ] [MainThread]: Using dbt_project.yml file at /workspaces/alohas-analytics/alohas_analytics/dbt_project.yml
[0m00:36:56.134863 [info ] [MainThread]: adapter type: bigquery
[0m00:36:56.135203 [info ] [MainThread]: adapter version: 1.12.0
[0m00:36:56.256779 [info ] [MainThread]: Configuration:
[0m00:36:56.257367 [info ] [MainThread]:   profiles.yml file [[32mOK found and valid[0m]
[0m00:36:56.257797 [info ] [MainThread]:   dbt_project.yml file [[32mOK found and valid[0m]
[0m00:36:56.258180 [info ] [MainThread]: Required dependencies:
[0m00:36:56.258560 [debug] [MainThread]: Executing "git --help"
[0m00:36:56.265600 [debug] [MainThread]: STDOUT: "b"usage: git [-v | --version] [-h | --help] [-C <path>] [-c <name>=<value>]\n           [--exec-path[=<path>]] [--html-path] [--man-path] [--info-path]\n           [-p | --paginate | -P | --no-pager] [--no-replace-objects] [--no-lazy-fetch]\n           [--no-optional-locks] [--no-advice] [--bare] [--git-dir=<path>]\n           [--work-tree=<path>] [--namespace=<name>] [--config-env=<name>=<envvar>]\n           <command> [<args>]\n\nThese are common Git commands used in various situations:\n\nstart a working area (see also: git help tutorial)\n   clone      Clone a repository into a new directory\n   init       Create an empty Git repository or reinitialize an existing one\n\nwork on the current change (see also: git help everyday)\n   add        Add file contents to the index\n   mv         Move or rename a file, a directory, or a symlink\n   restore    Restore working tree files\n   rm         Remove files from the working tree and from the index\n\nexamine the history and state (see also: git help revisions)\n   bisect     Use binary search to find the commit that introduced a bug\n   diff       Show changes between commits, commit and working tree, etc\n   grep       Print lines matching a pattern\n   log        Show commit logs\n   show       Show various types of objects\n   status     Show the working tree status\n\ngrow, mark and tweak your common history\n   backfill   Download missing objects in a partial clone\n   branch     List, create, or delete branches\n   commit     Record changes to the repository\n   history    EXPERIMENTAL: Rewrite history\n   merge      Join two or more development histories together\n   rebase     Reapply commits on top of another base tip\n   reset      Set `HEAD` or the index to a known state\n   switch     Switch branches\n   tag        Create, list, delete or verify tags\n\ncollaborate (see also: git help workflows)\n   fetch      Download objects and refs from another repository\n   pull       Fetch from and integrate with another repository or a local branch\n   push       Update remote refs along with associated objects\n\n'git help -a' and 'git help -g' list available subcommands and some\nconcept guides. See 'git help <command>' or 'git help <concept>'\nto read about a specific subcommand or concept.\nSee 'git help git' for an overview of the system.\n""
[0m00:36:56.266246 [debug] [MainThread]: STDERR: "b''"
[0m00:36:56.266749 [info ] [MainThread]:  - git [[32mOK found[0m]

[0m00:36:56.267258 [info ] [MainThread]: Connection:
[0m00:36:56.267846 [info ] [MainThread]:   method: oauth
[0m00:36:56.268363 [info ] [MainThread]:   database: alohas-analytics-508323
[0m00:36:56.268861 [info ] [MainThread]:   execution_project: alohas-analytics-508323
[0m00:36:56.269247 [info ] [MainThread]:   schema: dbt_dev
[0m00:36:56.269587 [info ] [MainThread]:   location: US
[0m00:36:56.269960 [info ] [MainThread]:   priority: interactive
[0m00:36:56.270307 [info ] [MainThread]:   maximum_bytes_billed: None
[0m00:36:56.270631 [info ] [MainThread]:   reservation: None
[0m00:36:56.270973 [info ] [MainThread]:   impersonate_service_account: None
[0m00:36:56.271272 [info ] [MainThread]:   job_retry_deadline_seconds: None
[0m00:36:56.271589 [info ] [MainThread]:   job_retries: 1
[0m00:36:56.271972 [info ] [MainThread]:   job_creation_timeout_seconds: None
[0m00:36:56.272421 [info ] [MainThread]:   job_execution_timeout_seconds: 300
[0m00:36:56.272773 [info ] [MainThread]:   job_link_info_level_log: False
[0m00:36:56.273180 [info ] [MainThread]:   timeout_seconds: 300
[0m00:36:56.273617 [info ] [MainThread]:   client_id: None
[0m00:36:56.274116 [info ] [MainThread]:   token_uri: None
[0m00:36:56.274556 [info ] [MainThread]:   compute_region: None
[0m00:36:56.275013 [info ] [MainThread]:   dataproc_cluster_name: None
[0m00:36:56.275474 [info ] [MainThread]:   gcs_bucket: None
[0m00:36:56.275831 [info ] [MainThread]:   dataproc_batch: None
[0m00:36:56.276325 [info ] [MainThread]: Registered adapter: bigquery=1.12.0
[0m00:36:56.441821 [debug] [MainThread]: Acquiring new bigquery connection 'debug'
[0m00:36:56.442456 [debug] [MainThread]: On debug: select 1 as id
[0m00:36:56.442921 [debug] [MainThread]: Opening a new connection, currently in state init
[0m00:36:58.224056 [debug] [MainThread]: BigQuery adapter: https://console.cloud.google.com/bigquery?project=alohas-analytics-508323&j=bq:US:5c31b30f-1d01-4cbe-a815-daa9c27eb188&page=queryresults
[0m00:36:58.613074 [debug] [MainThread]: SQL status: OK in 0.388 seconds
[0m00:36:59.086648 [info ] [MainThread]:   Connection test: [[32mOK connection ok[0m]

[0m00:36:59.087354 [info ] [MainThread]: [32mAll checks passed![0m
[0m00:36:59.087931 [info ] [MainThread]: Your new dbt project "alohas_analytics" was created!
Initialized new project in /workspaces/alohas-analytics/alohas_analytics/alohas_analytics

For more information on how to configure the profiles.yml file,
please consult the dbt documentation here:

  https://docs.getdbt.com/docs/configure-your-profile

One more thing:

Need help? Don't hesitate to reach out to us via GitHub issues or on Slack:

  https://community.getdbt.com/

Happy modeling!

[0m00:36:59.088646 [debug] [MainThread]: Resource report: {"command_name": "init", "command_success": true, "command_wall_clock_time": 158.97478, "process_in_blocks": "3976", "process_kernel_time": 0.317682, "process_mem_max_rss": "265732", "process_out_blocks": "96", "process_user_time": 3.322224}
[0m00:36:59.089431 [debug] [MainThread]: Command `dbt init` succeeded at 00:36:59.089326 after 158.98 seconds
[0m00:36:59.089803 [debug] [MainThread]: Connection 'debug' was properly closed.
[0m00:36:59.090198 [debug] [MainThread]: Sending event: {'category': 'dbt', 'action': 'invocation', 'label': 'end', 'context': [<snowplow_tracker.self_describing_json.SelfDescribingJson object at 0x7d691e3ada70>, <snowplow_tracker.self_describing_json.SelfDescribingJson object at 0x7d69075d7770>, <snowplow_tracker.self_describing_json.SelfDescribingJson object at 0x7d690757a250>]}
[0m00:36:59.090606 [debug] [MainThread]: Flushing usage events
[0m00:36:59.450469 [debug] [MainThread]: An error was encountered while trying to flush usage events
